// Jest Snapshot v1, https://goo.gl/fbAQLP

exports[`Grazing Schedules renders and matches the snapshot 1`] = `
<div
  class="rup__grazing-schedules"
>
  <div
    class="rup__content-title--editable"
  >
    <div
      class="rup__popup-header"
    >
      <div
        class="rup__content-title"
      >
        Yearly Schedules
      </div>
      <i
        aria-hidden="true"
        class="grey question small circular icon"
      />
    </div>
    <div
      aria-disabled="false"
      aria-expanded="false"
      class="ui basic button compact labeled item pointing dropdown icon rup__grazing-schedules__add-dropdown"
      role="listbox"
      tabindex="0"
    >
      <div
        aria-atomic="true"
        aria-live="polite"
        class="text"
        role="alert"
      >
        Add Schedule
      </div>
      <i
        aria-hidden="true"
        class="add circle icon"
      />
      <div
        class="menu transition"
      >
        <div
          class="header"
        >
          Years
        </div>
        <div
          aria-checked="false"
          aria-selected="true"
          class="selected item"
          role="option"
          style="pointer-events: all;"
        >
          <span
            class="text"
          >
            2021
          </span>
        </div>
        <div
          aria-checked="false"
          aria-selected="false"
          class="item"
          role="option"
          style="pointer-events: all;"
        >
          <span
            class="text"
          >
            2023
          </span>
        </div>
        <div
          aria-checked="false"
          aria-selected="false"
          class="item"
          role="option"
          style="pointer-events: all;"
        >
          <span
            class="text"
          >
            2024
          </span>
        </div>
        <div
          aria-checked="false"
          aria-selected="false"
          class="item"
          role="option"
          style="pointer-events: all;"
        >
          <span
            class="text"
          >
            2026
          </span>
        </div>
      </div>
    </div>
  </div>
  <div
    class="rup__divider"
  />
  <ul
    class="collaspible-boxes"
  >
    <li
      class="collaspible-box"
    >
      <div
        class="collaspible-box__header"
      >
        <div
          class="collaspible-box__header__title collaspible-box__header__title--active"
        >
          <div
            class="rup__grazing-schedule__title"
          >
            <div
              style="width: 30px;"
            >
              <img
                alt="schedule icon"
                src="/images/icon_schedules.svg"
              />
            </div>
            2022
             Grazing Schedule
          </div>
          <div
            class="collaspible-box__header__right"
          >
            <div
              aria-busy="false"
              aria-disabled="false"
              aria-expanded="false"
              class="ui right pointing dropdown"
              role="listbox"
              tabindex="0"
            >
              <i
                aria-hidden="true"
                class="ellipsis vertical icon"
              />
              <div
                class="menu transition"
              >
                <div
                  aria-disabled="false"
                  aria-expanded="false"
                  class="ui left pointing dropdown link item"
                  data-testid="copy-button-2022"
                  role="listbox"
                  tabindex="0"
                >
                  <div
                    aria-atomic="true"
                    aria-live="polite"
                    class="text"
                    role="alert"
                  >
                    Copy
                  </div>
                  <i
                    aria-hidden="true"
                    class="dropdown icon"
                  />
                  <div
                    class="menu transition"
                  >
                    <div
                      class="header"
                    >
                      Years
                    </div>
                    <div
                      aria-checked="false"
                      aria-selected="true"
                      class="selected item"
                      role="option"
                      style="pointer-events: all;"
                    >
                      <span
                        class="text"
                      >
                        2021
                      </span>
                    </div>
                    <div
                      aria-checked="false"
                      aria-selected="false"
                      class="item"
                      role="option"
                      style="pointer-events: all;"
                    >
                      <span
                        class="text"
                      >
                        2023
                      </span>
                    </div>
                    <div
                      aria-checked="false"
                      aria-selected="false"
                      class="item"
                      role="option"
                      style="pointer-events: all;"
                    >
                      <span
                        class="text"
                      >
                        2024
                      </span>
                    </div>
                    <div
                      aria-checked="false"
                      aria-selected="false"
                      class="item"
                      role="option"
                      style="pointer-events: all;"
                    >
                      <span
                        class="text"
                      >
                        2026
                      </span>
                    </div>
                  </div>
                </div>
                <div
                  class="item"
                  data-testid="delete-button-2022"
                  role="option"
                >
                  Delete
                </div>
              </div>
            </div>
            <i
              aria-hidden="true"
              class="chevron up icon"
              style="margin-left: 7px; margin-bottom: 3px;"
            />
          </div>
        </div>
      </div>
      <div
        class="collaspible-box__content"
      >
        <table
          class="ui unstackable table"
        >
          <thead
            class=""
          >
            <tr
              class=""
            >
              <th
                class=""
              >
                <div
                  class="rup__grazing-schedule__pasture"
                >
                  Pasture
                </div>
              </th>
              <th
                class=""
              >
                <div
                  class="rup__grazing-schedule__l-type"
                >
                  Livestock Type
                </div>
              </th>
              <th
                class=""
              >
                # of Animals
              </th>
              <th
                class=""
              >
                <div
                  class="rup__grazing-schedule__dates"
                >
                  Date in
                </div>
              </th>
              <th
                class=""
              >
                <div
                  class="rup__grazing-schedule__dates"
                >
                  Date out
                </div>
              </th>
              <th
                class=""
              >
                Days
              </th>
              <th
                class=""
              >
                <div
                  class="rup__grazing-schedule__grace-days"
                >
                  Grace Days
                </div>
              </th>
              <th
                class=""
              >
                PLD
              </th>
              <th
                class=""
              >
                Crown AUMs
              </th>
              <th
                class=""
              />
            </tr>
            <tr
              class=""
            >
              <td
                class=""
              >
                <div
                  class="field"
                >
                  <div
                    aria-expanded="false"
                    aria-label="pasture"
                    class="ui fluid search selection dropdown"
                    id="field_dropdown_grazingSchedules.0.grazingScheduleEntries.0.pastureId"
                    name="grazingSchedules.0.grazingScheduleEntries.0.pastureId"
                    role="combobox"
                  >
                    <input
                      aria-autocomplete="list"
                      autocomplete="off"
                      class="search"
                      tabindex="0"
                      type="text"
                      value=""
                    />
                    <div
                      aria-atomic="true"
                      aria-live="polite"
                      class="text"
                      role="alert"
                    />
                    <i
                      aria-hidden="true"
                      class="dropdown icon"
                    />
                    <div
                      class="menu transition"
                      role="listbox"
                    >
                      <div
                        aria-checked="true"
                        aria-selected="true"
                        class="active selected item"
                        role="option"
                        style="pointer-events: all;"
                      />
                    </div>
                  </div>
                </div>
              </td>
              <td
                class=""
              >
                <div
                  class="field"
                >
                  <div
                    aria-expanded="false"
                    aria-label="livestock type"
                    class="ui fluid search selection dropdown"
                    id="field_dropdown_grazingSchedules.0.grazingScheduleEntries.0.livestockTypeId"
                    name="grazingSchedules.0.grazingScheduleEntries.0.livestockTypeId"
                    role="combobox"
                  >
                    <input
                      aria-autocomplete="list"
                      autocomplete="off"
                      class="search"
                      tabindex="0"
                      type="text"
                      value=""
                    />
                    <div
                      aria-atomic="true"
                      aria-live="polite"
                      class="text"
                      role="alert"
                    />
                    <i
                      aria-hidden="true"
                      class="dropdown icon"
                    />
                    <div
                      class="menu transition"
                      role="listbox"
                    >
                      <div
                        aria-checked="false"
                        aria-selected="true"
                        class="selected item"
                        role="option"
                        style="pointer-events: all;"
                      >
                        <span
                          class="text"
                        >
                          Cow with Calf
                        </span>
                      </div>
                      <div
                        aria-checked="false"
                        aria-selected="false"
                        class="item"
                        role="option"
                        style="pointer-events: all;"
                      >
                        <span
                          class="text"
                        >
                          Bull
                        </span>
                      </div>
                      <div
                        aria-checked="false"
                        aria-selected="false"
                        class="item"
                        role="option"
                        style="pointer-events: all;"
                      >
                        <span
                          class="text"
                        >
                          Yearling
                        </span>
                      </div>
                      <div
                        aria-checked="false"
                        aria-selected="false"
                        class="item"
                        role="option"
                        style="pointer-events: all;"
                      >
                        <span
                          class="text"
                        >
                          Horse
                        </span>
                      </div>
                      <div
                        aria-checked="false"
                        aria-selected="false"
                        class="item"
                        role="option"
                        style="pointer-events: all;"
                      >
                        <span
                          class="text"
                        >
                          Sheep
                        </span>
                      </div>
                      <div
                        aria-checked="false"
                        aria-selected="false"
                        class="item"
                        role="option"
                        style="pointer-events: all;"
                      >
                        <span
                          class="text"
                        >
                          Alpaca
                        </span>
                      </div>
                      <div
                        aria-checked="false"
                        aria-selected="false"
                        class="item"
                        role="option"
                        style="pointer-events: all;"
                      >
                        <span
                          class="text"
                        >
                          Ass
                        </span>
                      </div>
                      <div
                        aria-checked="false"
                        aria-selected="false"
                        class="item"
                        role="option"
                        style="pointer-events: all;"
                      >
                        <span
                          class="text"
                        >
                          Goat
                        </span>
                      </div>
                      <div
                        aria-checked="false"
                        aria-selected="false"
                        class="item"
                        role="option"
                        style="pointer-events: all;"
                      >
                        <span
                          class="text"
                        >
                          Llama
                        </span>
                      </div>
                      <div
                        aria-checked="false"
                        aria-selected="false"
                        class="item"
                        role="option"
                        style="pointer-events: all;"
                      >
                        <span
                          class="text"
                        >
                          Mule
                        </span>
                      </div>
                    </div>
                  </div>
                </div>
              </td>
              <td
                class="collapsing"
              >
                <div
                  class="field"
                >
                  <div
                    class="ui fluid input"
                  >
                    <input
                      aria-label="livestock count"
                      id="field_input_grazingSchedules.0.grazingScheduleEntries.0.livestockCount"
                      name="grazingSchedules.0.grazingScheduleEntries.0.livestockCount"
                      type="text"
                      value="10"
                    />
                  </div>
                </div>
              </td>
              <td
                class="collapsing"
              >
                <div
                  class="field calendar-input--no-icon"
                >
                  <div
                    class="ui fluid icon input"
                  >
                    <i
                      aria-hidden="true"
                      class="icon"
                    />
                    <input
                      aria-label="date in"
                      name="grazingSchedules.0.grazingScheduleEntries.0.dateIn"
                      tabindex="0"
                      type="text"
                      value="Jan 26 2022"
                    />
                  </div>
                </div>
              </td>
              <td
                class="collapsing"
              >
                <div
                  class="field calendar-input--no-icon"
                >
                  <div
                    class="ui fluid icon input"
                  >
                    <i
                      aria-hidden="true"
                      class="icon"
                    />
                    <input
                      aria-label="date out"
                      name="grazingSchedules.0.grazingScheduleEntries.0.dateOut"
                      tabindex="0"
                      type="text"
                      value="Mar 9 2022"
                    />
                  </div>
                </div>
              </td>
              <td
                class="collapsing"
              >
                43
              </td>
              <td
                class="collapsing"
              >
                <div
                  class="field"
                >
                  <div
                    class="ui fluid transparent input"
                  >
                    <input
                      aria-label="grace days"
                      type="text"
                      value="4"
                    />
                  </div>
                </div>
              </td>
              <td
                class="collapsing"
              >
                0
              </td>
              <td
                class="collapsing"
              >
                0
              </td>
              <td
                class="collapsing center aligned"
              >
                <div
                  aria-expanded="false"
                  class="ui right pointing dropdown"
                  role="listbox"
                  tabindex="0"
                >
                  <i
                    aria-hidden="true"
                    class="ellipsis vertical icon"
                  />
                  <div
                    class="menu transition"
                  >
                    <div
                      aria-checked="false"
                      aria-selected="true"
                      class="selected item"
                      role="option"
                      style="pointer-events: all;"
                    >
                      <span
                        class="text"
                      >
                        Duplicate
                      </span>
                    </div>
                    <div
                      aria-checked="false"
                      aria-selected="false"
                      class="item"
                      role="option"
                      style="pointer-events: all;"
                    >
                      <span
                        class="text"
                      >
                        Delete
                      </span>
                    </div>
                  </div>
                </div>
              </td>
            </tr>
          </thead>
        </table>
        <div
          class="inverted-btn"
        >
          <button
            class="ui compact button"
            style="margin: 10px 0px;"
            type="button"
          >
            <i
              aria-hidden="true"
              class="add circle icon"
            />
            Add Row
          </button>
        </div>
        <div
          class="rup__grazing-schedule__AUMs"
        >
          <div
            class="rup__grazing-schedule__AUM-label"
          >
            Annual Authorized AUMs
          </div>
          <div
            class="rup__grazing-schedule__AUM-number"
          >
            0
          </div>
          <div
            class="rup__grazing-schedule__AUM-label"
          >
            Total AUMs
          </div>
          <div
            class="rup__grazing-schedule__AUM-number"
          >
            0
          </div>
        </div>
        <div
          class="rup__grazing-schedule__narrative__title"
        >
          Schedule Description
        </div>
        <div>
          <div
            class="field"
          >
            <textarea
              id="field_textarea_grazingSchedules.0.narative"
              name="grazingSchedules.0.narative"
              placeholder="Description of movement of livestock through agreement area. May include WHEN, WHERE and HOW management tools are used to create that flow. May be of particular value when an agreement consists of a single pasture or multiple unfenced pastures."
              rows="3"
              style="margin-top: 5px;"
            />
          </div>
        </div>
      </div>
    </li>
    <li
      class="collaspible-box"
    >
      <div
        class="collaspible-box__header"
      >
        <div
          class="collaspible-box__header__title"
        >
          <div
            class="rup__grazing-schedule__title"
          >
            <div
              style="width: 30px;"
            >
              <img
                alt="schedule icon"
                src="/images/icon_schedules.svg"
              />
            </div>
            2025
             Grazing Schedule
          </div>
          <div
            class="collaspible-box__header__right"
          >
            <i
              aria-hidden="true"
              class="chevron down icon"
              style="margin-left: 7px; margin-bottom: 3px;"
            />
          </div>
        </div>
      </div>
      <div
        class="collaspible-box__content collaspible-box__content--hidden"
      >
        <div
          class="ui error visible attached message"
        >
          <div
            class="content"
          >
            <i
              aria-hidden="true"
              class="warning sign icon"
              style="margin-right: 7px;"
            />
            Schedule must have at least 1 entry.
          </div>
        </div>
        <table
          class="ui unstackable bottom attached table"
        >
          <thead
            class=""
          >
            <tr
              class=""
            >
              <th
                class=""
              >
                <div
                  class="rup__grazing-schedule__pasture"
                >
                  Pasture
                </div>
              </th>
              <th
                class=""
              >
                <div
                  class="rup__grazing-schedule__l-type"
                >
                  Livestock Type
                </div>
              </th>
              <th
                class=""
              >
                # of Animals
              </th>
              <th
                class=""
              >
                <div
                  class="rup__grazing-schedule__dates"
                >
                  Date in
                </div>
              </th>
              <th
                class=""
              >
                <div
                  class="rup__grazing-schedule__dates"
                >
                  Date out
                </div>
              </th>
              <th
                class=""
              >
                Days
              </th>
              <th
                class=""
              >
                <div
                  class="rup__grazing-schedule__grace-days"
                >
                  Grace Days
                </div>
              </th>
              <th
                class=""
              >
                PLD
              </th>
              <th
                class=""
              >
                Crown AUMs
              </th>
              <th
                class=""
              />
            </tr>
          </thead>
        </table>
        <div
          class="inverted-btn"
        >
          <button
            class="ui compact button"
            style="margin: 10px 0px;"
            type="button"
          >
            <i
              aria-hidden="true"
              class="add circle icon"
            />
            Add Row
          </button>
        </div>
        <div
          class="rup__grazing-schedule__AUMs"
        >
          <div
            class="rup__grazing-schedule__AUM-label"
          >
            Annual Authorized AUMs
          </div>
          <div
            class="rup__grazing-schedule__AUM-number"
          >
            0
          </div>
          <div
            class="rup__grazing-schedule__AUM-label"
          >
            Total AUMs
          </div>
          <div
            class="rup__grazing-schedule__AUM-number"
          >
            0
          </div>
        </div>
        <div
          class="rup__grazing-schedule__narrative__title"
        >
          Schedule Description
        </div>
        <div>
          <div
            class="field"
          >
            <textarea
              id="field_textarea_grazingSchedules.1.narative"
              name="grazingSchedules.1.narative"
              placeholder="Description of movement of livestock through agreement area. May include WHEN, WHERE and HOW management tools are used to create that flow. May be of particular value when an agreement consists of a single pasture or multiple unfenced pastures."
              rows="3"
              style="margin-top: 5px;"
            />
          </div>
        </div>
      </div>
    </li>
  </ul>
</div>
`;
